// Jest Snapshot v1, https://goo.gl/fbAQLP

exports[`renders correctly 1`] = `
<View
  accessibilityComponentType={undefined}
  accessibilityLabel={undefined}
  accessibilityTraits={undefined}
  accessible={true}
  collapsable={undefined}
  hitSlop={undefined}
  isTVSelectable={true}
  nativeID={undefined}
  onLayout={undefined}
  onResponderGrant={[Function]}
  onResponderMove={[Function]}
  onResponderRelease={[Function]}
  onResponderTerminate={[Function]}
  onResponderTerminationRequest={[Function]}
  onStartShouldSetResponder={[Function]}
  style={
    Object {
      "alignItems": "center",
      "backgroundColor": "white",
      "borderBottomWidth": 1,
      "borderColor": "lightgrey",
      "borderTopWidth": 1,
      "flexDirection": "row",
      "height": 80,
      "opacity": 1,
    }
  }
  testID={undefined}
  tvParallaxProperties={undefined}
>
  <Image
    source={1}
    style={
      Object {
        "height": 60,
        "margin": 15,
        "width": 45,
      }
    }
  />
  <View
    style={
      Object {
        "flex": 1,
      }
    }
  >
    <Text
      accessible={true}
      allowFontScaling={true}
      disabled={false}
      ellipsizeMode="tail"
      style={
        Object {
          "color": "#333",
          "fontFamily": "Avenir Next",
          "fontSize": 16,
          "fontWeight": "500",
        }
      }
    >
      Testing
    </Text>
    <Text
      accessible={true}
      allowFontScaling={true}
      disabled={false}
      ellipsizeMode="tail"
      style={
        Object {
          "color": "#999",
          "fontFamily": "Avenir Next",
          "fontSize": 14,
          "fontWeight": "300",
        }
      }
    >
      2020
    </Text>
  </View>
  <Image
    source={1}
    style={
      Object {
        "height": 28,
        "margin": 15,
        "width": 15,
      }
    }
  />
</View>
`;
